┬───
│ GC Root: Input or output parameters in native code
│
├─ dalvik.system.PathClassLoader instance
│    Leaking: NO (IndexKt↓ is not leaking and A ClassLoader is never leaking)
│    ↓ ClassLoader.runtimeInternalObjects
├─ java.lang.Object[] array
│    Leaking: NO (IndexKt↓ is not leaking)
│    ↓ Object[293]
├─ io.dcloud.uniapp.framework.IndexKt class
│    Leaking: NO (a class is never leaking)
│    ↓ static IndexKt.$pageManager
│                     ~~~~~~~~~~~~
├─ io.dcloud.uniapp.appframe.UniPageManagerImpl instance
│    Leaking: UNKNOWN
│    Retaining 516 B in 16 objects
│    ↓ UniPageManagerImpl.frameList
│                         ~~~~~~~~~
├─ java.util.ArrayList instance
│    Leaking: UNKNOWN
│    Retaining 60 B in 2 objects
│    ↓ ArrayList[1]
│               ~~~
├─ io.dcloud.uniapp.appframe.a instance
│    Leaking: UNKNOWN
│    Retaining 4.4 kB in 121 objects
│    C instance of io.dcloud.uniapp.appframe.activity.UniPortraitPageActivity with mDestroyed = true
│    ↓ a.C
│        ~
╰→ io.dcloud.uniapp.appframe.activity.UniPortraitPageActivity instance
​     Leaking: YES (ObjectWatcher was watching this because io.dcloud.uniapp.appframe.activity.UniPortraitPageActivity [Page: @@@/pages/test-stream-perf/test-stream-perf@@@] received Activity#onDestroy() callback and Activity#mDestroyed is true)
​     Retaining 24.2 kB in 518 objects
​     key = 3ae6c987-6a0c-44a5-9624-91233f9b5d88
​     watchDurationMillis = 5627
​     retainedDurationMillis = 619
​     mApplication instance of io.dcloud.uniapp.UniApplication
​     mEmbeddedApplication instance of io.dcloud.uniapp.UniApplication
​     mBase instance of androidx.appcompat.view.ContextThemeWrapper