┬───
│ GC Root: Input or output parameters in native code
│
├─ dalvik.system.PathClassLoader instance
│    Leaking: NO (IndexKt↓ is not leaking and A ClassLoader is never leaking)
│    ↓ ClassLoader.runtimeInternalObjects
├─ java.lang.Object[] array
│    Leaking: NO (IndexKt↓ is not leaking)
│    ↓ Object[293]
├─ io.dcloud.uniapp.framework.IndexKt class
│    Leaking: NO (a class is never leaking)
│    ↓ static IndexKt.tabBar0
│                     ~~~~~~~
├─ io.dcloud.uniapp.runtime.UniTabsElementImpl instance
│    Leaking: UNKNOWN
│    Retaining 7.0 kB in 186 objects
│    ↓ UniElementImpl.component
│                     ~~~~~~~~~
├─ io.dcloud.uniapp.ui.component.TabComponent instance
│    Leaking: UNKNOWN
│    Retaining 2.7 kB in 62 objects
│    mContext instance of io.dcloud.uniapp.UniAppActivity with mDestroyed = true
│    ↓ BasicComponent.mContext
│                     ~~~~~~~~
╰→ io.dcloud.uniapp.UniAppActivity instance
​     Leaking: YES (ObjectWatcher was watching this because io.dcloud.uniapp.UniAppActivity [Page: @@@tabBar@@@] received Activity#onDestroy() callback and Activity#mDestroyed is true)
​     Retaining 24.2 kB in 516 objects
​     key = 501dc19c-2480-4c71-90e8-99ac0b43431d
​     watchDurationMillis = 5666
​     retainedDurationMillis = 664
​     mApplication instance of io.dcloud.uniapp.UniApplication
​     mEmbeddedApplication instance of io.dcloud.uniapp.UniApplication
​     mBase instance of androidx.appcompat.view.ContextThemeWrapper