┬───
│ GC Root: Thread object
│
├─ android.os.HandlerThread instance
│    Leaking: NO (PathClassLoader↓ is not leaking)
│    Thread name: 'queued-work-looper'
│    ↓ Thread.contextClassLoader
├─ dalvik.system.PathClassLoader instance
│    Leaking: NO (TypefaceManager↓ is not leaking and A ClassLoader is never leaking)
│    ↓ ClassLoader.runtimeInternalObjects
├─ java.lang.Object[] array
│    Leaking: NO (TypefaceManager↓ is not leaking)
│    ↓ Object[516]
├─ io.dcloud.uniappxv.utils.TypefaceManager class
│    Leaking: NO (a class is never leaking)
│    ↓ static TypefaceManager.fontFamilyEvent
│                             ~~~~~~~~~~~~~~~
├─ kotlinx.coroutines.flow.SharedFlowImpl instance
│    Leaking: UNKNOWN
│    Retaining 937.0 kB in 21022 objects
│    ↓ AbstractSharedFlow.slots
│                         ~~~~~
├─ kotlinx.coroutines.flow.SharedFlowSlot[] array
│    Leaking: UNKNOWN
│    Retaining 936.9 kB in 21020 objects
│    ↓ SharedFlowSlot[23]
│                    ~~~~
├─ kotlinx.coroutines.flow.SharedFlowSlot instance
│    Leaking: UNKNOWN
│    Retaining 588 B in 17 objects
│    ↓ SharedFlowSlot.cont
│                     ~~~~
├─ kotlinx.coroutines.CancellableContinuationImpl instance
│    Leaking: UNKNOWN
│    Retaining 564 B in 16 objects
│    ↓ CancellableContinuationImpl.delegate
│                                  ~~~~~~~~
├─ kotlinx.coroutines.internal.DispatchedContinuation instance
│    Leaking: UNKNOWN
│    Retaining 407 B in 10 objects
│    ↓ DispatchedContinuation.continuation
│                             ~~~~~~~~~~~~
├─ kotlinx.coroutines.flow.SharedFlowImpl$collect$1 instance
│    Leaking: UNKNOWN
│    Retaining 359 B in 9 objects
│    Anonymous subclass of kotlin.coroutines.jvm.internal.ContinuationImpl
│    ↓ SharedFlowImpl$collect$1.L$1
│                               ~~~
├─ io.dcloud.uniappxv.ba instance
│    Leaking: UNKNOWN
│    Retaining 12 B in 1 objects
│    ↓ ba.a
│         ~
├─ io.dcloud.uniappxv.da instance
│    Leaking: UNKNOWN
│    Retaining 219 B in 5 objects
│    ↓ da.b
│         ~
├─ io.dcloud.uniappxv.x7 instance
│    Leaking: UNKNOWN
│    Retaining 928.0 kB in 20806 objects
│    ↓ x7.m0
│         ~~
├─ io.dcloud.uniappxv.g7 instance
│    Leaking: YES (View detached yet still part of window view hierarchy)
│    Retaining 109.5 kB in 1567 objects
│    View is part of a window view hierarchy
│    View.mAttachInfo is null (view detached)
│    View.mWindowAttachCount = 1
│    mContext instance of io.dcloud.uniappxv.UniApplication
│    ↓ View.mParent
├─ androidx.appcompat.widget.ContentFrameLayout instance
│    Leaking: YES (g7↑ is leaking and View.mContext references a destroyed activity)
│    Retaining 51.1 kB in 926 objects
│    View is part of a window view hierarchy
│    View.mAttachInfo is null (view detached)
│    View.mID = R.id.null
│    View.mWindowAttachCount = 1
│    mContext instance of io.dcloud.uniappxv.activity.UniPageActivity with mDestroyed = true
│    ↓ View.mContext
╰→ io.dcloud.uniappxv.activity.UniPageActivity instance
​     Leaking: YES (ObjectWatcher was watching this because io.dcloud.uniappxv.activity.UniPageActivity [Page: @@@subpackages/pages/system-messages/system-messages@@@] received Activity#onDestroy() callback and Activity#mDestroyed is true)
​     Retaining 7.0 kB in 253 objects
​     key = 036f28be-d081-4ff1-a694-68e64d403fe8
​     watchDurationMillis = 101526
​     retainedDurationMillis = 96445
​     mApplication instance of io.dcloud.uniappxv.UniApplication
​     mBase instance of androidx.appcompat.view.ContextThemeWrapper